Need to install the following packages:
playwright@1.60.0
Ok to proceed? (y) 
╔═══════════════════════════════════════════════════════════════════════════════╗
║ WARNING: It looks like you are running 'npx playwright install' without first ║
║ installing your project's dependencies.                                       ║
║                                                                               ║
║ To avoid unexpected behavior, please install your dependencies first, and     ║
║ then run Playwright's install command:                                        ║
║                                                                               ║
║     npm install                                                               ║
║     npx playwright install                                                    ║
║                                                                               ║
║ If your project does not yet depend on Playwright, first install the          ║
║ applicable npm package (most commonly @playwright/test), and                  ║
║ then run Playwright's install command to download the browsers:               ║
║                                                                               ║
║     npm install @playwright/test                                              ║
║     npx playwright install                                                    ║
║                                                                               ║
╚═══════════════════════════════════════════════════════════════════════════════╝
Downloading Chrome for Testing 148.0.7778.96 (playwright chromium v1223)[2m from https://cdn.playwright.dev/builds/cft/148.0.7778.96/win64/chrome-win64.zip[22m
|                                                                                |   0% of 181.9 MiB
|■■■■■■■■                                                                        |  10% of 181.9 MiB
|■■■■■■■■■■■■■■■■                                                                |  20% of 181.9 MiB
|■■■■■■■■■■■■■■■■■■■■■■■■                                                        |  30% of 181.9 MiB
|■■■■■■■■■■■■■■■■■■■■■■■■■■■■■■■■                                                |  40% of 181.9 MiB
|■■■■■■■■■■■■■■■■■■■■■■■■■■■■■■■■■■■■■■■■                                        |  50% of 181.9 MiB
|■■■■■■■■■■■■■■■■■■■■■■■■■■■■■■■■■■■■■■■■■■■■■■■■                                |  60% of 181.9 MiB
|■■■■■■■■■■■■■■■■■■■■■■■■■■■■■■■■■■■■■■■■■■■■■■■■■■■■■■■■                        |  70% of 181.9 MiB
|■■■■■■■■■■■■■■■■■■■■■■■■■■■■■■■■■■■■■■■■■■■■■■■■■■■■■■■■■■■■■■■■                |  80% of 181.9 MiB
|■■■■■■■■■■■■■■■■■■■■■■■■■■■■■■■■■■■■■■■■■■■■■■■■■■■■■■■■■■■■■■■■■■■■■■■■        |  90% of 181.9 MiB
|■■■■■■■■■■■■■■■■■■■■■■■■■■■■■■■■■■■■■■■■■■■■■■■■■■■■■■■■■■■■■■■■■■■■■■■■■■■■■■■■| 100% of 181.9 MiB
Chrome for Testing 148.0.7778.96 (playwright chromium v1223) downloaded to C:\Users\USER\AppData\Local\ms-playwright\chromium-1223
Downloading FFmpeg (playwright ffmpeg v1011)[2m from https://cdn.playwright.dev/dbazure/download/playwright/builds/ffmpeg/1011/ffmpeg-win64.zip[22m
|                                                                                |   0% of 1.3 MiB
|■■■■■■■■                                                                        |  10% of 1.3 MiB
|■■■■■■■■■■■■■■■■                                                                |  20% of 1.3 MiB
|■■■■■■■■■■■■■■■■■■■■■■■■                                                        |  30% of 1.3 MiB
|■■■■■■■■■■■■■■■■■■■■■■■■■■■■■■■■                                                |  40% of 1.3 MiB
|■■■■■■■■■■■■■■■■■■■■■■■■■■■■■■■■■■■■■■■■                                        |  50% of 1.3 MiB
|■■■■■■■■■■■■■■■■■■■■■■■■■■■■■■■■■■■■■■■■■■■■■■■■                                |  60% of 1.3 MiB
|■■■■■■■■■■■■■■■■■■■■■■■■■■■■■■■■■■■■■■■■■■■■■■■■■■■■■■■■                        |  70% of 1.3 MiB
|■■■■■■■■■■■■■■■■■■■■■■■■■■■■■■■■■■■■■■■■■■■■■■■■■■■■■■■■■■■■■■■■                |  80% of 1.3 MiB
|■■■■■■■■■■■■■■■■■■■■■■■■■■■■■■■■■■■■■■■■■■■■■■■■■■■■■■■■■■■■■■■■■■■■■■■■        |  91% of 1.3 MiB
|■■■■■■■■■■■■■■■■■■■■■■■■■■■■■■■■■■■■■■■■■■■■■■■■■■■■■■■■■■■■■■■■■■■■■■■■■■■■■■■■| 100% of 1.3 MiB
FFmpeg (playwright ffmpeg v1011) downloaded to C:\Users\USER\AppData\Local\ms-playwright\ffmpeg-1011
Downloading Chrome Headless Shell 148.0.7778.96 (playwright chromium-headless-shell v1223)[2m from https://cdn.playwright.dev/builds/cft/148.0.7778.96/win64/chrome-headless-shell-win64.zip[22m
|                                                                                |   0% of 112.4 MiB
|■■■■■■■■                                                                        |  10% of 112.4 MiB
|■■■■■■■■■■■■■■■■                                                                |  20% of 112.4 MiB
|■■■■■■■■■■■■■■■■■■■■■■■■                                                        |  30% of 112.4 MiB
|■■■■■■■■■■■■■■■■■■■■■■■■■■■■■■■■                                                |  40% of 112.4 MiB
|■■■■■■■■■■■■■■■■■■■■■■■■■■■■■■■■■■■■■■■■                                        |  50% of 112.4 MiB
|■■■■■■■■■■■■■■■■■■■■■■■■■■■■■■■■■■■■■■■■■■■■■■■■                                |  60% of 112.4 MiB
|■■■■■■■■■■■■■■■■■■■■■■■■■■■■■■■■■■■■■■■■■■■■■■■■■■■■■■■■                        |  70% of 112.4 MiB
|■■■■■■■■■■■■■■■■■■■■■■■■■■■■■■■■■■■■■■■■■■■■■■■■■■■■■■■■■■■■■■■■                |  80% of 112.4 MiB
|■■■■■■■■■■■■■■■■■■■■■■■■■■■■■■■■■■■■■■■■■■■■■■■■■■■■■■■■■■■■■■■■■■■■■■■■        |  90% of 112.4 MiB
|■■■■■■■■■■■■■■■■■■■■■■■■■■■■■■■■■■■■■■■■■■■■■■■■■■■■■■■■■■■■■■■■■■■■■■■■■■■■■■■■| 100% of 112.4 MiB
Chrome Headless Shell 148.0.7778.96 (playwright chromium-headless-shell v1223) downloaded to C:\Users\USER\AppData\Local\ms-playwright\chromium_headless_shell-1223
Downloading Winldd (playwright winldd v1007)[2m from https://cdn.playwright.dev/dbazure/download/playwright/builds/winldd/1007/winldd-win64.zip[22m
|                                                                                |   1% of 0.1 MiB
|■■■■■■■■                                                                        |  10% of 0.1 MiB
|■■■■■■■■■■■■■■■■                                                                |  24% of 0.1 MiB
|■■■■■■■■■■■■■■■■■■■■■■■■                                                        |  37% of 0.1 MiB
|■■■■■■■■■■■■■■■■■■■■■■■■■■■■■■■■■■■■■■■■                                        |  50% of 0.1 MiB
|■■■■■■■■■■■■■■■■■■■■■■■■■■■■■■■■■■■■■■■■■■■■■■■■                                |  63% of 0.1 MiB
|■■■■■■■■■■■■■■■■■■■■■■■■■■■■■■■■■■■■■■■■■■■■■■■■■■■■■■■■                        |  75% of 0.1 MiB
|■■■■■■■■■■■■■■■■■■■■■■■■■■■■■■■■■■■■■■■■■■■■■■■■■■■■■■■■■■■■■■■■                |  88% of 0.1 MiB
|■■■■■■■■■■■■■■■■■■■■■■■■■■■■■■■■■■■■■■■■■■■■■■■■■■■■■■■■■■■■■■■■■■■■■■■■■■■■■■■■| 100% of 0.1 MiB
Winldd (playwright winldd v1007) downloaded to C:\Users\USER\AppData\Local\ms-playwright\winldd-1007
